// Jest Snapshot v1, https://goo.gl/fbAQLP

exports[`renders correctly 1`] = `
<div>
  <label>
    <input
      checked={false}
      onChange={[Function]}
      type="checkbox"
    />
    Off
  </label>
</div>
`;
